
> @figma/my-make-file@0.0.1 build
> next build

  Γû▓ Next.js 14.2.3

   Creating an optimized production build ...
npm : Failed to compile.
At line:1 char:1
+ npm run build > 
build_error.log 2>&1
+ ~~~~~~~~~~~~~~~~~~~~~~~~
~~~~~~~~~~~~
    + CategoryInfo        
      : NotSpecified: (F  
  ailed to compile.:Str   
 ing) [], RemoteExcept    
ion
    + FullyQualifiedError 
   Id : NativeCommandErr  
  or
 

./src/app/components/figma
/ImageWithFallback.tsx
Error: 
  [31mx[0m You're 
importing a component 
that needs useState. It 
only works in a Client 
Component but none of its 
parents are marked with 
"use client", so they're 
Server Components by 
default.
  [31m|[0m Learn more: h
ttps://nextjs.org/docs/get
ting-started/react-essenti
als
  [31m|[0m 
  [31m|[0m 
   ,-[[36;1;4mC:\Users\be
nco\Downloads\Leotek-solut
ions\src\app\components\fi
gma\ImageWithFallback.tsx
[0m:1:1]
 [2m1[0m | import 
React, { useState } from 
'react'
   : [31;1m              
  ^^^^^^^^[0m
 [2m2[0m | 
 [2m3[0m | const 
ERROR_IMG_SRC =
 [2m4[0m |   'data:image
/svg+xml;base64,PHN2ZyB3aW
R0aD0iODgiIGhlaWdodD0iODgi
IHhtbG5zPSJodHRwOi8vd3d3Ln
czLm9yZy8yMDAwL3N2ZyIgc3Ry
b2tlPSIjMDAwIiBzdHJva2UtbG
luZWpvaW49InJvdW5kIiBvcGFj
aXR5PSIuMyIgZmlsbD0ibm9uZS
Igc3Ryb2tlLXdpZHRoPSIzLjci
PjxyZWN0IHg9IjE2IiB5PSIxNi
Igd2lkdGg9IjU2IiBoZWlnaHQ9
IjU2IiByeD0iNiIvPjxwYXRoIG
Q9Im0xNiA1OCAxNi0xOCAzMiAz
MiIvPjxjaXJjbGUgY3g9IjUzIi
BjeT0iMzUiIHI9IjciLz48L3N2
Zz4KCg=='
   `----

Import trace for 
requested module:
./src/app/components/figma
/ImageWithFallback.tsx
./src/app/components/Hero.
tsx
./src/app/page.tsx


> Build failed because of 
webpack errors
